V3 4
FL /home/pdsilva/tmp/Blink/blink.vhd 2024/08/24.17:26:58 P.20131013
FL /home/pdsilva/tmp/CoolrunnerII/Project/Blink/blink.vhd 2024/08/24.17:26:58 P.20131013
EN work/blink 1727304998 \
      FL /home/pdsilva/tmp/CoolrunnerII/Project/Blink/blink.vhd \
      PB ieee/std_logic_1164 1381692176 PB ieee/STD_LOGIC_UNSIGNED 1381692179 \
      PB ieee/NUMERIC_STD 1381692181
AR work/blink/Behavioral 1727304999 \
      FL /home/pdsilva/tmp/CoolrunnerII/Project/Blink/blink.vhd EN work/blink 1727304998
